[    0.000000] Initializing cgroup subsys cpuset
[    0.000000] Initializing cgroup subsys cpu
[    0.000000] Initializing cgroup subsys cpuacct
[    0.000000] Linux version 4.4.0-186-generic (buildd@lcy01-amd64-002) (gcc version 5.4.0 20160609 (Ubuntu 5.4.0-6ubuntu1~16.04.12) ) #216-Ubuntu SMP Wed Jul 1 05:34:05 UTC 2020 (Ubuntu 4.4.0-186.216-generic 4.4.228)
[    0.000000] Command line: BOOT_IMAGE=/boot/vmlinuz-4.4.0-186-generic root=LABEL=cloudimg-rootfs ro console=tty1 console=ttyS0
[    0.000000] KERNEL supported cpus:
[    0.000000]   Intel GenuineIntel
[    0.000000]   AMD AuthenticAMD
[    0.000000]   Centaur CentaurHauls
[    0.000000] x86/fpu: xstate_offset[2]:  576, xstate_sizes[2]:  256
[    0.000000] x86/fpu: Supporting XSAVE feature 0x01: 'x87 floating point registers'
[    0.000000] x86/fpu: Supporting XSAVE feature 0x02: 'SSE registers'
[    0.000000] x86/fpu: Supporting XSAVE feature 0x04: 'AVX registers'
[    0.000000] x86/fpu: Enabled xstate features 0x7, context size is 832 bytes, using 'standard' format.
[    0.000000] e820: BIOS-provided physical RAM map:
[    0.000000] BIOS-e820: [mem 0x0000000000000000-0x000000000009fbff] usable
[    0.000000] BIOS-e820: [mem 0x000000000009fc00-0x000000000009ffff] reserved
[    0.000000] BIOS-e820: [mem 0x00000000000f0000-0x00000000000fffff] reserved
[    0.000000] BIOS-e820: [mem 0x0000000000100000-0x000000003ffeffff] usable
[    0.000000] BIOS-e820: [mem 0x000000003fff0000-0x000000003fffffff] ACPI data
[    0.000000] BIOS-e820: [mem 0x00000000fec00000-0x00000000fec00fff] reserved
[    0.000000] BIOS-e820: [mem 0x00000000fee00000-0x00000000fee00fff] reserved
[    0.000000] BIOS-e820: [mem 0x00000000fffc0000-0x00000000ffffffff] reserved
[    0.000000] NX (Execute Disable) protection: active
[    0.000000] SMBIOS 2.5 present.
[    0.000000] Hypervisor detected: KVM
[    0.000000] e820: last_pfn = 0x3fff0 max_arch_pfn = 0x400000000
[    0.000000] MTRR: Disabled
[    0.000000] x86/PAT: MTRRs disabled, skipping PAT initialization too.
[    0.000000] CPU MTRRs all blank - virtualized system.
[    0.000000] x86/PAT: Configuration [0-7]: WB  WT  UC- UC  WB  WT  UC- UC  
[    0.000000] found SMP MP-table at [mem 0x0009fff0-0x0009ffff] mapped at [ffff88000009fff0]
[    0.000000] Scanning 1 areas for low memory corruption
[    0.000000] RAMDISK: [mem 0x362de000-0x37166fff]
[    0.000000] ACPI: Early table checksum verification disabled
[    0.000000] ACPI: RSDP 0x00000000000E0000 000024 (v02 VBOX  )
[    0.000000] ACPI: XSDT 0x000000003FFF0030 00003C (v01 VBOX   VBOXXSDT 00000001 ASL  00000061)
[    0.000000] ACPI: FACP 0x000000003FFF00F0 0000F4 (v04 VBOX   VBOXFACP 00000001 ASL  00000061)
[    0.000000] ACPI: DSDT 0x000000003FFF0470 002325 (v02 VBOX   VBOXBIOS 00000002 INTL 20100528)
[    0.000000] ACPI: FACS 0x000000003FFF0200 000040
[    0.000000] ACPI: FACS 0x000000003FFF0200 000040
[    0.000000] ACPI: APIC 0x000000003FFF0240 00005C (v02 VBOX   VBOXAPIC 00000001 ASL  00000061)
[    0.000000] ACPI: SSDT 0x000000003FFF02A0 0001CC (v01 VBOX   VBOXCPUT 00000002 INTL 20100528)
[    0.000000] No NUMA configuration found
[    0.000000] Faking a node at [mem 0x0000000000000000-0x000000003ffeffff]
[    0.000000] NODE_DATA(0) allocated [mem 0x3ffeb000-0x3ffeffff]
[    0.000000] kvm-clock: Using msrs 4b564d01 and 4b564d00
[    0.000000] kvm-clock: cpu 0, msr 0:3ffe3001, primary cpu clock
[    0.000000] kvm-clock: using sched offset of 4662647818 cycles
[    0.000000] clocksource: kvm-clock: mask: 0xffffffffffffffff max_cycles: 0x1cd42e4dffb, max_idle_ns: 881590591483 ns
[    0.000000] Zone ranges:
[    0.000000]   DMA      [mem 0x0000000000001000-0x0000000000ffffff]
[    0.000000]   DMA32    [mem 0x0000000001000000-0x000000003ffeffff]
[    0.000000]   Normal   empty
[    0.000000]   Device   empty
[    0.000000] Movable zone start for each node
[    0.000000] Early memory node ranges
[    0.000000]   node   0: [mem 0x0000000000001000-0x000000000009efff]
[    0.000000]   node   0: [mem 0x0000000000100000-0x000000003ffeffff]
[    0.000000] Initmem setup node 0 [mem 0x0000000000001000-0x000000003ffeffff]
[    0.000000] ACPI: PM-Timer IO Port: 0x4008
[    0.000000] IOAPIC[0]: apic_id 2, version 32, address 0xfec00000, GSI 0-23
[    0.000000] ACPI: INT_SRC_OVR (bus 0 bus_irq 0 global_irq 2 dfl dfl)
[    0.000000] ACPI: INT_SRC_OVR (bus 0 bus_irq 9 global_irq 9 low level)
[    0.000000] Using ACPI (MADT) for SMP configuration information
[    0.000000] smpboot: Allowing 2 CPUs, 0 hotplug CPUs
[    0.000000] PM: Registered nosave memory: [mem 0x00000000-0x00000fff]
[    0.000000] PM: Registered nosave memory: [mem 0x0009f000-0x0009ffff]
[    0.000000] PM: Registered nosave memory: [mem 0x000a0000-0x000effff]
[    0.000000] PM: Registered nosave memory: [mem 0x000f0000-0x000fffff]
[    0.000000] e820: [mem 0x40000000-0xfebfffff] available for PCI devices
[    0.000000] Booting paravirtualized kernel on KVM
[    0.000000] clocksource: refined-jiffies: mask: 0xffffffff max_cycles: 0xffffffff, max_idle_ns: 7645519600211568 ns
[    0.000000] setup_percpu: NR_CPUS:512 nr_cpumask_bits:512 nr_cpu_ids:2 nr_node_ids:1
[    0.000000] PERCPU: Embedded 33 pages/cpu @ffff88003fc00000 s95512 r8192 d31464 u1048576
[    0.000000] Built 1 zonelists in Node order, mobility grouping on.  Total pages: 257912
[    0.000000] Policy zone: DMA32
[    0.000000] Kernel command line: BOOT_IMAGE=/boot/vmlinuz-4.4.0-186-generic root=LABEL=cloudimg-rootfs ro console=tty1 console=ttyS0
[    0.000000] PID hash table entries: 4096 (order: 3, 32768 bytes)
[    0.000000] Memory: 997660K/1048120K available (8636K kernel code, 1337K rwdata, 4040K rodata, 1492K init, 1296K bss, 50460K reserved, 0K cma-reserved)
[    0.000000] SLUB: HWalign=64, Order=0-3, MinObjects=0, CPUs=2, Nodes=1
[    0.000000] Kernel/User page tables isolation: enabled
[    0.000000] Hierarchical RCU implementation.
[    0.000000] 	Build-time adjustment of leaf fanout to 64.
[    0.000000] 	RCU restricting CPUs from NR_CPUS=512 to nr_cpu_ids=2.
[    0.000000] RCU: Adjusting geometry for rcu_fanout_leaf=64, nr_cpu_ids=2
[    0.000000] NR_IRQS:33024 nr_irqs:440 16
[    0.000000] Console: colour VGA+ 80x25
[    0.000000] console [tty1] enabled
[    0.000000] console [ttyS0] enabled
[    0.000000] tsc: Detected 2700.000 MHz processor
[    0.261563] Calibrating delay loop (skipped) preset value.. 5400.00 BogoMIPS (lpj=10800000)
[    0.264667] pid_max: default: 32768 minimum: 301
[    0.266754] ACPI: Core revision 20150930
[    0.269761] ACPI: 2 ACPI AML tables successfully acquired and loaded
[    0.274122] Security Framework initialized
[    0.276468] Yama: becoming mindful.
[    0.278712] AppArmor: AppArmor initialized
[    0.280691] Dentry cache hash table entries: 131072 (order: 8, 1048576 bytes)
[    0.288719] Inode-cache hash table entries: 65536 (order: 7, 524288 bytes)
[    0.292696] Mount-cache hash table entries: 2048 (order: 2, 16384 bytes)
[    0.297119] Mountpoint-cache hash table entries: 2048 (order: 2, 16384 bytes)
[    0.301959] Initializing cgroup subsys io
[    0.304156] Initializing cgroup subsys memory
[    0.307124] Initializing cgroup subsys devices
[    0.310993] Initializing cgroup subsys freezer
[    0.314913] Initializing cgroup subsys net_cls
[    0.317917] Initializing cgroup subsys perf_event
[    0.320933] Initializing cgroup subsys net_prio
[    0.324647] Initializing cgroup subsys hugetlb
[    0.328645] Initializing cgroup subsys pids
[    0.333576] mce: CPU supports 0 MCE banks
[    0.336050] Last level iTLB entries: 4KB 64, 2MB 8, 4MB 8
[    0.341580] Last level dTLB entries: 4KB 64, 2MB 0, 4MB 0, 1GB 4
[    0.346732] Spectre V1 : Mitigation: usercopy/swapgs barriers and __user pointer sanitization
[    0.357994] Spectre V2 : Mitigation: Full generic retpoline
[    0.365389] Spectre V2 : Spectre v2 / SpectreRSB mitigation: Filling RSB on context switch
[    0.372392] Speculative Store Bypass: Vulnerable
[    0.375139] SRBDS: Unknown: Dependent on hypervisor status
[    0.382159] MDS: Mitigation: Clear CPU buffers
[    0.391101] Freeing SMP alternatives memory: 36K
[    0.407859] ftrace: allocating 32334 entries in 127 pages
[    0.485331] smpboot: APIC(0) Converting physical 0 to logical package 0
[    0.487421] smpboot: Max logical packages: 1
[    0.489393] x2apic enabled
[    0.490629] Switched APIC routing to physical x2apic.
[    0.493690] ..TIMER: vector=0x30 apic1=0 pin1=2 apic2=-1 pin2=-1
[    0.604548] smpboot: CPU0: Intel(R) Core(TM) i5-5257U CPU @ 2.70GHz (family: 0x6, model: 0x3d, stepping: 0x4)
[    0.610246] Performance Events: unsupported p6 CPU model 61 no PMU driver, software events only.
[    0.626547] KVM setup paravirtual spinlock
[    0.630316] x86: Booting SMP configuration:
[    0.632769] .... node  #0, CPUs:      #1
[    0.634941] kvm-clock: cpu 1, msr 0:3ffe3041, secondary cpu clock
[    0.637773] mce: CPU supports 0 MCE banks
[    0.641121] x86: Booted up 1 node, 2 CPUs
[    0.642965] smpboot: Total of 2 processors activated (10800.00 BogoMIPS)
[    0.645950] devtmpfs: initialized
[    0.648735] evm: security.selinux
[    0.650102] evm: security.SMACK64
[    0.651637] evm: security.SMACK64EXEC
[    0.654622] evm: security.SMACK64TRANSMUTE
[    0.661997] evm: security.SMACK64MMAP
[    0.665295] evm: security.ima
[    0.666895] evm: security.capability
[    0.668302] clocksource: jiffies: mask: 0xffffffff max_cycles: 0xffffffff, max_idle_ns: 7645041785100000 ns
[    0.672947] futex hash table entries: 512 (order: 3, 32768 bytes)
[    0.676014] pinctrl core: initialized pinctrl subsystem
[    0.681055] RTC time: 17:55:33, date: 08/19/20
[    0.682968] NET: Registered protocol family 16
[    0.692648] cpuidle: using governor ladder
[    0.705216] cpuidle: using governor menu
[    0.706872] PCCT header not found.
[    0.708956] ACPI: bus type PCI registered
[    0.710627] acpiphp: ACPI Hot Plug PCI Controller Driver version: 0.5
[    0.713362] PCI: Using configuration type 1 for base access
[    0.725756] ACPI: Added _OSI(Module Device)
[    0.728863] ACPI: Added _OSI(Processor Device)
[    0.730810] ACPI: Added _OSI(3.0 _SCP Extensions)
[    0.732336] ACPI: Added _OSI(Processor Aggregator Device)
[    0.736981] ACPI: Executed 1 blocks of module-level executable AML code
[    0.741897] ACPI: Interpreter enabled
[    0.743429] ACPI: (supports S0 S5)
[    0.745451] ACPI: Using IOAPIC for interrupt routing
[    0.747146] PCI: Using host bridge windows from ACPI; if necessary, use "pci=nocrs" and report a bug
[    0.756830] ACPI: PCI Root Bridge [PCI0] (domain 0000 [bus 00-ff])
[    0.759001] acpi PNP0A03:00: _OSC: OS supports [ASPM ClockPM Segments MSI]
[    0.766464] acpi PNP0A03:00: _OSC: not requesting OS control; OS requires [ExtendedConfig ASPM ClockPM MSI]
[    0.771738] acpi PNP0A03:00: fail to add MMCONFIG information, can't access extended PCI configuration space under this bridge.
[    0.777719] PCI host bridge to bus 0000:00
[    0.783051] pci_bus 0000:00: root bus resource [io  0x0000-0x0cf7 window]
[    0.786694] pci_bus 0000:00: root bus resource [io  0x0d00-0xffff window]
[    0.788766] pci_bus 0000:00: root bus resource [mem 0x000a0000-0x000bffff window]
[    0.791320] pci_bus 0000:00: root bus resource [mem 0x40000000-0xfdffffff window]
[    0.799947] pci_bus 0000:00: root bus resource [bus 00-ff]
[    0.807058] pci 0000:00:01.1: legacy IDE quirk: reg 0x10: [io  0x01f0-0x01f7]
[    0.810697] pci 0000:00:01.1: legacy IDE quirk: reg 0x14: [io  0x03f6]
[    0.817937] pci 0000:00:01.1: legacy IDE quirk: reg 0x18: [io  0x0170-0x0177]
[    0.837047] pci 0000:00:01.1: legacy IDE quirk: reg 0x1c: [io  0x0376]
[    0.877191] pci 0000:00:07.0: quirk: [io  0x4000-0x403f] claimed by PIIX4 ACPI
[    0.884980] pci 0000:00:07.0: quirk: [io  0x4100-0x410f] claimed by PIIX4 SMB
[    0.911194] ACPI: PCI Interrupt Link [LNKA] (IRQs 5 9 10 *11)
[    0.920304] ACPI: PCI Interrupt Link [LNKB] (IRQs 5 9 *10 11)
[    0.923619] ACPI: PCI Interrupt Link [LNKC] (IRQs 5 *9 10 11)
[    0.933097] ACPI: PCI Interrupt Link [LNKD] (IRQs 5 9 10 *11)
[    0.939051] ACPI: Enabled 2 GPEs in block 00 to 07
[    0.941350] vgaarb: setting as boot device: PCI:0000:00:02.0
[    0.944568] vgaarb: device added: PCI:0000:00:02.0,decodes=io+mem,owns=io+mem,locks=none
[    0.953592] vgaarb: loaded
[    0.955563] vgaarb: bridge control possible 0000:00:02.0
[    0.957384] SCSI subsystem initialized
[    0.960969] ACPI: bus type USB registered
[    0.964647] usbcore: registered new interface driver usbfs
[    0.966789] usbcore: registered new interface driver hub
[    0.968730] usbcore: registered new device driver usb
[    0.971357] PCI: Using ACPI for IRQ routing
[    0.975406] NetLabel: Initializing
[    0.976566] NetLabel:  domain hash size = 128
[    0.979805] NetLabel:  protocols = UNLABELED CIPSOv4
[    0.981575] NetLabel:  unlabeled traffic allowed by default
[    0.986165] amd_nb: Cannot enumerate AMD northbridges
[    0.989138] clocksource: Switched to clocksource kvm-clock
[    1.003620] AppArmor: AppArmor Filesystem Enabled
[    1.005357] pnp: PnP ACPI init
[    1.008499] pnp: PnP ACPI: found 3 devices
[    1.022284] clocksource: acpi_pm: mask: 0xffffff max_cycles: 0xffffff, max_idle_ns: 2085701024 ns
[    1.025688] NET: Registered protocol family 2
[    1.027293] TCP established hash table entries: 8192 (order: 4, 65536 bytes)
[    1.031328] TCP bind hash table entries: 8192 (order: 5, 131072 bytes)
[    1.033189] TCP: Hash tables configured (established 8192 bind 8192)
[    1.034926] UDP hash table entries: 512 (order: 2, 16384 bytes)
[    1.038187] UDP-Lite hash table entries: 512 (order: 2, 16384 bytes)
[    1.039923] NET: Registered protocol family 1
[    1.041650] pci 0000:00:00.0: Limiting direct PCI/PCI transfers
[    1.043399] pci 0000:00:01.0: Activating ISA DMA hang workarounds
[    1.046098] Unpacking initramfs...
[    1.305441] Freeing initrd memory: 14884K
[    1.307171] RAPL PMU detected, API unit is 2^-32 Joules, 4 fixed counters 10737418240 ms ovfl timer
[    1.310277] hw unit of domain pp0-core 2^-0 Joules
[    1.311801] hw unit of domain package 2^-0 Joules
[    1.313107] hw unit of domain dram 2^-0 Joules
[    1.314882] hw unit of domain pp1-gpu 2^-0 Joules
[    1.316324] clocksource: tsc: mask: 0xffffffffffffffff max_cycles: 0x26eb3e3cc63, max_idle_ns: 440795236593 ns
[    1.320147] platform rtc_cmos: registered platform RTC device (no PNP device found)
[    1.323035] Scanning for low memory corruption every 60 seconds
[    1.325158] audit: initializing netlink subsys (disabled)
[    1.327003] audit: type=2000 audit(1597859740.108:1): initialized
[    1.329667] Initialise system trusted keyring
[    1.332363] HugeTLB registered 2 MB page size, pre-allocated 0 pages
[    1.335524] zbud: loaded
[    1.337921] VFS: Disk quotas dquot_6.6.0
[    1.339661] VFS: Dquot-cache hash table entries: 512 (order 0, 4096 bytes)
[    1.343037] squashfs: version 4.0 (2009/01/31) Phillip Lougher
[    1.345741] fuse init (API version 7.23)
[    1.347744] Key type big_key registered
[    1.349858] Allocating IMA MOK and blacklist keyrings.
[    1.358981] Key type asymmetric registered
[    1.362142] Asymmetric key parser 'x509' registered
[    1.366329] Block layer SCSI generic (bsg) driver version 0.4 loaded (major 249)
[    1.371175] io scheuler noop registered
[    1.443345] io scheduler deadline registered (default)
[    1.446147] io scheduler cfq registered
[    1.448615] pci_hotplug: PCI Hot Plug PCI Core version: 0.5
[    1.450463] pciehp: PCI Express Hot Plug Controller Driver version: 0.4
[    1.453491] ACPI: AC Adapter [AC] (on-line)
[    1.458693] input: Power Button as /devices/LNXSYSTM:00/LNXPWRBN:00/input/input0
[    1.462889] ACPI: Power Button [PWRF]
[    1.465371] input: Sleep Button as /devices/LNXSYSTM:00/LNXSLPBN:00/input/input1
[    1.470032] ACPI: Sleep Button [SLPF]
[    1.474037] GHES: HEST is not enabled!
[    1.474364] ACPI: Battery Slot [BAT0] (battery present)
[    1.479493] Serial: 8250/16550 driver, 32 ports, IRQ sharing enabled
[    1.510916] 00:02: ttyS0 at I/O 0x3f8 (irq = 4, base_baud = 115200) is a 16550A
[    1.555352] Linux agpgart interface v0.103
[    1.587015] loop: module loaded
[    1.592433] scsi host0: ata_piix
[    1.595552] scsi host1: ata_piix
[    1.600568] ata1: PATA max UDMA/33 cmd 0x1f0 ctl 0x3f6 bmdma 0xd000 irq 14
[    1.607562] ata2: PATA max UDMA/33 cmd 0x170 ctl 0x376 bmdma 0xd008 irq 15
[    1.615339] libphy: Fixed MDIO Bus: probed
[    1.617728] tun: Universal TUN/TAP device driver, 1.6
[    1.620793] tun: (C) 1999-2004 Max Krasnyansky <maxk@qualcomm.com>
[    1.623087] PPP generic driver version 2.4.2
[    1.624745] ehci_hcd: USB 2.0 'Enhanced' Host Controller (EHCI) Driver
[    1.626839] ehci-pci: EHCI PCI platform driver
[    1.632395] ehci-platform: EHCI generic platform driver
[    1.638001] ohci_hcd: USB 1.1 'Open' Host Controller (OHCI) Driver
[    1.642982] ohci-pci: OHCI PCI platform driver
[    1.645028] ohci-platform: OHCI generic platform driver
[    1.647632] uhci_hcd: USB Universal Host Controller Interface driver
[    1.649640] i8042: PNP: PS/2 Controller [PNP0303:PS2K,PNP0f03:PS2M] at 0x60,0x64 irq 1,12
[    1.654318] serio: i8042 KBD port at 0x60,0x64 irq 1
[    1.656352] serio: i8042 AUX port at 0x60,0x64 irq 12
[    1.659089] mousedev: PS/2 mouse device common for all mice
[    1.661183] input: AT Translated Set 2 keyboard as /devices/platform/i8042/serio0/input/input2
[    1.666015] rtc_cmos rtc_cmos: rtc core: registered rtc_cmos as rtc0
[    1.669588] rtc_cmos rtc_cmos: alarms up to one day, 114 bytes nvram
[    1.671824] i2c /dev entries driver
[    1.673265] device-mapper: uevent: version 1.0.3
[    1.674926] device-mapper: ioctl: 4.34.0-ioctl (2015-10-28) initialised: dm-devel@redhat.com
[    1.679622] ledtrig-cpu: registered to indicate activity on CPUs
[    1.682596] NET: Registered protocol family 10
[    1.684245] NET: Registered protocol family 17
[    1.686943] Key type dns_resolver registered
[    1.688876] registered taskstats version 1
[    1.690524] Loading compiled-in X.509 certificates
[    1.692570] Loaded X.509 cert 'Build time autogenerated kernel key: cef5e81496c0efa51b848ab539e845ddf31c08be'
[    1.697407] zswap: loaded using pool lzo/zbud
[    1.700913] Key type trusted registered
[    1.706171] Key type encrypted registered
[    1.707615] AppArmor: AppArmor sha1 policy hashing enabled
[    1.710105] ima: No TPM chip found, activating TPM-bypass!
[    1.711733] ima: Allocated hash algorithm: sha1
[    1.714136] evm: HMAC attrs: 0x1
[    1.715678]   Magic number: 0:136:947
[    1.716791] tty tty4: hash matches
[    1.718049] memory memory0: hash matches
[    1.719318] rtc_cmos rtc_cmos: setting system clock to 2020-08-19 17:55:34 UTC (1597859734)
[    1.722022] BIOS EDD facility v0.16 2004-Jun-25, 0 devices found
[    1.723669] EDD information not available.
[    1.812066] Freeing unused kernel memory: 1492K
[    1.814077] Write protecting the kernel read-only data: 14336k
[    1.816935] Freeing unused kernel memory: 1592K
[    1.819327] Freeing unused kernel memory: 56K
Loading, please wait...
starting version 229
[    1.839148] random: udevadm: uninitialized urandom read (16 bytes read, 5 bits of entropy available)
[    1.839800] random: systemd-udevd: uninitialized urandom read (16 bytes read, 5 bits of entropy available)
[    1.839868] random: systemd-udevd: uninitialized urandom read (16 bytes read, 5 bits of entropy available)
[    1.839878] random: systemd-udevd: uninitialized urandom read (16 bytes read, 5 bits of entropy available)
[    1.839890] random: systemd-udevd: uninitialized urandom read (16 bytes read, 5 bits of entropy available)
[    1.856659] random: udevadm: uninitialized urandom read (16 bytes read, 5 bits of entropy available)
[    1.866586] random: systemd-udevd: uninitialized urandom read (16 bytes read, 5 bits of entropy available)
[    1.869946] random: udevadm: uninitialized urandom read (16 bytes read, 5 bits of entropy available)
[    1.869990] random: udevadm: uninitialized urandom read (16 bytes read, 5 bits of entropy available)
[    1.870120] random: udevadm: uninitialized urandom read (16 bytes read, 5 bits of entropy available)
[    1.925889] e1000: Intel(R) PRO/1000 Network Driver - version 7.3.21-k8-NAPI
[    1.929744] e1000: Copyright (c) 1999-2006 Intel Corporation.
[    1.934369] Fusion MPT base driver 3.04.20
[    1.935675] Copyright (c) 1999-2008 LSI Corporation
[    1.956591] Fusion MPT SPI Host driver 3.04.20
[    1.961453] AVX2 version of gcm_enc/dec engaged.
[    1.963674] AES CTR mode by8 optimization enabled
[    2.153314] input: ImExPS/2 Generic Explorer Mouse as /devices/platform/i8042/serio1/input/input4
[    2.392923] e1000 0000:00:03.0 eth0: (PCI:33MHz:32-bit) 02:81:88:50:25:98
[    2.395099] e1000 0000:00:03.0 eth0: Intel(R) PRO/1000 Network Connection
[    4.004464] e1000 0000:00:08.0 eth1: (PCI:33MHz:32-bit) 08:00:27:89:fc:e9
[    4.007004] e1000 0000:00:08.0 eth1: Intel(R) PRO/1000 Network Connection
[    4.011167] e1000 0000:00:03.0 enp0s3: renamed from eth0
[    4.013565] mptbase: ioc0: Initiating bringup
[    4.025971] e1000 0000:00:08.0 enp0s8: renamed from eth1
[    4.077525] ioc0: LSI53C1030 A0: Capabilities={Initiator}
[    4.240457] scsi host2: ioc0: LSI53C1030 A0, FwRev=00000000h, Ports=1, MaxQ=256, IRQ=20
[    4.366259] scsi 2:0:0:0: Direct-Access     VBOX     HARDDISK         1.0  PQ: 0 ANSI: 5
[    4.369810] scsi target2:0:0: Beginning Domain Validation
[    4.373636] scsi target2:0:0: Domain Validation skipping write tests
[    4.375313] scsi target2:0:0: Ending Domain Validation
[    4.376880] scsi target2:0:0: asynchronous
[    4.379036] scsi 2:0:1:0: Direct-Access     VBOX     HARDDISK         1.0  PQ: 0 ANSI: 5
[    4.384143] scsi target2:0:1: Beginning Domain Validation
[    4.388414] scsi target2:0:1: Domain Validation skipping write tests
[    4.390287] scsi target2:0:1: Ending Domain Validation
[    4.392072] scsi target2:0:1: asynchronous
[    4.406045] sd 2:0:0:0: Attached scsi generic sg0 type 0
[    4.408885] sd 2:0:0:0: [sda] 20971520 512-byte logical blocks: (10.7 GB/10.0 GiB)
[    4.411993] sd 2:0:0:0: [sda] Write Protect is off
[    4.414764] sd 2:0:1:0: Attached scsi generic sg1 type 0
[    4.415637] sd 2:0:1:0: [sdb] 20480 512-byte logical blocks: (10.5 MB/10.0 MiB)
[    4.416109] sd 2:0:1:0: [sdb] Write Protect is off
[    4.416498] sd 2:0:1:0: [sdb] Incomplete mode parameter data
[    4.416500] sd 2:0:1:0: [sdb] Assuming drive cache: write through
[    4.426866] sd 2:0:0:0: [sda] Incomplete mode parameter data
[    4.428629] sd 2:0:0:0: [sda] Assuming drive cache: write through
[    4.436254]  sda: sda1
[    4.439174] sd 2:0:1:0: [sdb] Attached SCSI disk
[    4.439380] sd 2:0:0:0: [sda] Attached SCSI disk
Begin: Loading e[    5.804349] md: linear personality registered for level -1
ssential drivers ... [    5.831805] md: multipath personality registered for level -4
[    5.837267] md: raid0 personality registered for level 0
[    5.844400] md: raid1 personality registered for level 1
[    5.917171] raid6: sse2x1   gen()  7388 MB/s
[    5.985331] raid6: sse2x1   xor()  6080 MB/s
[    6.053730] raid6: sse2x2   gen() 10380 MB/s
[    6.121739] raid6: sse2x2   xor()  6908 MB/s
[    6.189277] raid6: sse2x4   gen()  8402 MB/s
[    6.257657] raid6: sse2x4   xor()  3565 MB/s
[    6.325676] raid6: avx2x1   gen() 10291 MB/s
[    6.393658] raid6: avx2x2   gen() 12556 MB/s
[    6.461192] raid6: avx2x4   gen() 13508 MB/s
[    6.462739] raid6: using algorithm avx2x4 gen() 13508 MB/s
[    6.467603] raid6: using avx2x2 recovery algorithm
[    6.472109] xor: automatically using best checksumming function:
[    6.513245]    avx       : 20234.000 MB/sec
[    6.516506] async_tx: api initialized (async)
[    6.535171] md: raid6 personality registered for level 6
[    6.536956] md: raid5 personality registered for level 5
[    6.539130] md: raid4 personality registered for level 4
[    6.552175] md: raid10 personality registered for level 10
done.
Begin: Running /scripts/init-premount ... done.
Begin: Mounting root file system ... Begin: Running /scripts/local-top ... done.
Begin: Running /scripts/local-premount ... [    6.595109] Btrfs loaded
Scanning for Btrfs filesystems
done.
Warning: fsck not present, so skipping root file system
[    6.635346] EXT4-fs (sda1): mounted filesystem with ordered data mode. Opts: (null)
done.
Begin: Running /scripts/local-bottom ... done.
Begin: Running /scripts/init-bottom ... done.
[    6.820382] systemd[1]: systemd 229 running in system mode. (+PAM +AUDIT +SELINUX +IMA +APPARMOR +SMACK +SYSVINIT +UTMP +LIBCRYPTSETUP +GCRYPT +GNUTLS +ACL +XZ -LZ4 +SECCOMP +BLKID +ELFUTILS +KMOD -IDN)
[    6.826665] systemd[1]: Detected virtualization oracle.
[    6.828495] systemd[1]: Detected architecture x86-64.

Welcome to [1mUbuntu 16.04.6 LTS[0m!

[    6.835502] systemd[1]: Set hostname to <ubuntu>.
[    6.839675] systemd[1]: Initializing machine ID from random generator.
[    6.842340] systemd[1]: Installed transient /etc/machine-id file.
[    7.163713] systemd[1]: Listening on /dev/initctl Compatibility Named Pipe.
[[0;32m  OK  [0m] Listening on /dev/initctl Compatibility Named Pipe.
[    7.196064] systemd[1]: Created slice User and Session Slice.
[[0;32m  OK  [0m] Created slice User and Session Slice.
[    7.219077] systemd[1]: Reached target Encrypted Volumes.
[[0;32m  OK  [0m] Reached target Encrypted Volumes.
[    7.226732] systemd[1]: Reached target User and Group Name Lookups.
[[0;32m  OK  [0m] Reached target User and Group Name Lookups.
[    7.240829] systemd[1]: Listening on Journal Socket (/dev/log).
[[0;32m  OK  [0m] Listening on Journal Socket (/dev/log).
[    7.257968] systemd[1]: Reached target Swap.
[[0;32m  OK  [0m] Reached target Swap.
[    7.263523] systemd[1]: Reached target System Time Synchronized.
[[0;32m  OK  [0m] Reached target System Time Synchronized.
[    7.278573] systemd[1]: Listening on Journal Audit Socket.
[[0;32m  OK  [0m] Listening on Journal Audit Socket.
[    7.292573] systemd[1]: Listening on udev Kernel Socket.
[[0;32m  OK  [0m] Listening on udev Kernel Socket.
[    7.299691] systemd[1]: Created slice System Slice.
[[0;32m  OK  [0m] Created slice System Slice.
[    7.310039] systemd[1]: Reached target Slices.
[[0;32m  OK  [0m] Reached target Slices.
[    7.318225] systemd[1]: Listening on LVM2 poll daemon socket.
[[0;32m  OK  [0m] Listening on LVM2 poll daemon socket.
[    7.328715] systemd[1]: Listening on Journal Socket.
[[0;32m  OK  [0m] Listening on Journal Socket.
[    7.357472] systemd[1]: Mounting POSIX Message Queue File System...
         Mounting POSIX Message Queue File System...
[    7.373789] systemd[1]: Starting Uncomplicated firewall...
         Starting Uncomplicated firewall...
[    7.410073] systemd[1]: Starting Nameserver information manager...
         Starting Nameserver information manager...
[    7.429524] systemd[1]: Mounting Debug File System...
         Mounting Debug File System...
[    7.459051] systemd[1]: Starting Create list of required static device nodes for the current kernel...
         Starting Create list of required st... nodes for the current kernel...
[    7.491652] systemd[1]: Starting Remount Root and Kernel File Systems...
[    7.507390] EXT4-fs (sda1): re-mounted. Opts: (null)
         Starting Remount Root and Kernel File Systems...
[    7.532836] systemd[1]: Mounting Huge Pages File System...
         Mounting Huge Pages File System...
[    7.551156] systemd[1]: Started Forward Password Requests to Wall Directory Watch.
[[0;32m  OK  [0m] Started Forward Password Requests to Wall Directory Watch.
[    7.600802] systemd[1]: Listening on LVM2 metadata daemon socket.
[[0;32m  OK  [0m] Listening on LVM2 metadata daemon socket.
[    7.620184] systemd[1]: Set up automount Arbitrary Executable File Formats File System Automount Point.
[[0;32m  OK  [0m] Set up automount Arbitrary Executab...ats File System Automount Point.
[    7.637624] systemd[1]: Listening on Device-mapper event daemon FIFOs.
[[0;32m  OK  [0m] Listening on Device-mapper event daemon FIFOs.
[    7.661785] systemd[1]: Starting Monitoring of LVM2 mirrors, snapshots etc. using dmeventd or progress polling...
         Starting Monitoring of LVM2 mirrors... dmeventd or progress polling...
[    7.682929] systemd[1]: Listening on Syslog Socket.
[[0;32m  OK  [0m] Listening on Syslog Socket.
[    7.886786] systemd[1]: Created slice system-serial\x2dgetty.slice.
[[0;32m  OK  [0m] Created slice system-serial\x2dgetty.slice.
[    7.935905] systemd[1]: Listening on udev Control Socket.
[[0;32m  OK  [0m] Listening on udev Control Socket.
[    7.972162] systemd[1]: Starting Set console keymap...
[    7.975557] random: nonblocking pool is initialized
         Starting Set console keymap...
[    8.074549] systemd[1]: Started Trigger resolvconf update for networkd DNS.
[[0;32m  OK  [0m] Started Trigger resolvconf update for networkd DNS.
[    8.160241] systemd[1]: Starting Load Kernel Modules...
         Starting Load Kernel Modules...
[    8.176929] systemd[1]: Starting Journal Service...
[    8.185687] Loading iSCSI transport class v2.0-870.
         Starting Journal Service...
[    8.232314] systemd[1]: Mounted Huge Pages File System.
[[0;32m  OK  [0m] Mounted Huge Pages File System.
[    8.245931] systemd[1]: Mounted POSIX Message Queue File System.
[[0;32m  OK  [0m] Mounted POSIX Message Queue File System.
[    8.266095] systemd[1]: Mounted Debug File System.
[[0;32m  OK  [0m] Mounted Debug File System.
[    8.274017] systemd[1]: Started Uncomplicated firewall.
[[0;32m  OK  [0m] Started Uncomplicated firewall.
[    8.348273] iscsi: registered transport (tcp)
[    8.368175] systemd[1]: Started Create list of required static device nodes for the current kernel.
[[0;32m  OK  [0m] Started Create list of required sta...ce nodes for the current kernel.
[    8.425156] systemd[1]: Started Remount Root and Kernel File Systems.
[[0;32m  OK  [0m] Started Remount Root and Kernel File Systems.
[    8.497046] systemd[1]: Started Set console keymap.
[[0;32m  OK  [0m] Started Set console keymap.
[    8.594217] systemd[1]: Started Nameserver information manager.
[[0;32m  OK  [0m] Started Nameserver information manager.
[    8.736602] systemd[1]: Started Journal Service.
[    8.742493] iscsi: registered transport (iser)
[[0;32m  OK  [0m] Started Journal Service.
[[0;32m  OK  [0m] Started Load Kernel Modules.
[[0;32m  OK  [0m] Started LVM2 metadata daemon.
         Starting Apply Kernel Variables...
         Mounting FUSE Control File System...
         Starting Load/Save Random Seed...
         Starting udev Coldplug all Devices...
         Starting Flush Journal to Persistent Storage...
         Starting Create Static Device Nodes in /dev...
[[0;32m  OK  [0m] Mounted FUSE Control File System.
[[0;32m  OK  [0m] Started Apply Kernel Variables.
[[0;32m  OK  [0m] Started Load/Save Random Seed.
[[0;32m  OK  [0m] Started Flush Journal to Persistent Storage.
[[0;32m  OK  [0m] Started Create Static Device Nodes in /dev.
         Starting udev Kernel Device Manager...
[[0;32m  OK  [0m] Started Monitoring of LVM2 mirrors,...ng dmeventd or progress polling.
[[0;32m  OK  [0m] Reached target Local File Systems (Pre).
[[0;32m  OK  [0m] Reached target Local File Systems.
         Starting LSB: AppArmor initialization...
         Starting Tell Plymouth To Write Out Runtime Data...
         Starting Initial cloud-init job (pre-networking)...
         Starting Set console font and keymap...
         Starting Commit a transient machine-id on disk...
         Starting Create Volatile Files and Directories...
[[0;32m  OK  [0m] Started Tell Plymouth To Write Out Runtime Data.
[[0;32m  OK  [0m] Started Create Volatile Files and Directories.
         Starting Update UTMP about System Boot/Shutdown...
[[0;32m  OK  [0m] Started Commit a transient machine-id on disk.
[[0;32m  OK  [0m] Started udev Kernel Device Manager.
[[0;32m  OK  [0m] Started Update UTMP about System Boot/Shutdown.
[[0;32m  OK  [0m] Started udev Coldplug all Devices.
[[0;32m  OK  [0m] Started Dispatch Password Requests to Console Directory Watch.
[[0;32m  OK  [0m] Found device /dev/ttyS0.
[[0;32m  OK  [0m] Listening on Load/Save RF Kill Switch Status /dev/rfkill Watch.
[   13.996328] [[0;32m  OK  [0m] Started Initial cloud-init job (pre-networking).
[[0;32m  OK  [0m] Started LSB: AppArmor initialization.
cloud-init[471]: Cloud-init v. 20.2-45-g5f7825e2-0ubuntu1~16.04.1 running 'init-local' at Wed, 19 Aug 2020 17:55:45 +0000. Up 12.43 seconds.
         Starting Load AppArmor profiles managed internally by snapd...
[[0;32m  OK  [0m] Reached target Network (Pre).
         Starting Raise network interfaces...
[[0;32m  OK  [0m] Started Load AppArmor profiles managed internally by snapd.
[[0;32m  OK  [0m] Started Set console font and keymap.
[[0;32m  OK  [0m] Created slice system-getty.slice.
[[0;32m  OK  [0m] Started Raise network interfaces.
[[0;32m  OK  [0m] Reached target Network.
         Starting Initial cloud-init job (metadata service crawler)...
[   16.546481] cloud-init[965]: Cloud-init v. 20.2-45-g5f7825e2-0ubuntu1~16.04.1 running 'init' at Wed, 19 Aug 2020 17:55:49 +0000. Up 15.83 seconds.
[   16.550557] cloud-init[965]: ci-info: ++++++++++++++++++++++++++++++++++++++Net device info+++++++++++++++++++++++++++++++++++++++
[   16.554444] cloud-init[965]: ci-info: +--------+-------+----------------------------+---------------+--------+-------------------+
[   16.558698] cloud-init[965]: ci-info: | Device |   Up  |          Address           |      Mask     | Scope  |     Hw-Address    |
[   16.561909] cloud-init[965]: ci-info: +--------+-------+----------------------------+---------------+--------+-------------------+
[   16.565924] cloud-init[965]: ci-info: | enp0s3 |  True |         10.0.2.15          | 255.255.255.0 | global | 02:81:88:50:25:98 |
[   16.577210] cloud-init[965]: ci-info: | enp0s3 |  True | fe80::81:88ff:fe50:2598/64 |       .       |  link  | 02:81:88:50:25:98 |
[   16.580979] cloud-init[965]: ci-info: | enp0s8 | False |             .              |       .       |   .    | 08:00:27:89:fc:e9 |
[   16.592606] cloud-init[965]: ci-info: |   lo   |  True |         127.0.0.1          |   255.0.0.0   |  host  |         .         |
[   16.595812] cloud-init[965]: ci-info: |   lo   |  True |          ::1/128           |       .       |  host  |         .         |
[   16.600279] cloud-init[965]: ci-info: +--------+-------+----------------------------+---------------+--------+-------------------+
[   16.603146] cloud-init[965]: ci-info: +++++++++++++++++++++++++++Route IPv4 info++++++++++++++++++++++++++++
[   16.605769] cloud-init[965]: ci-info: +-------+-------------+----------+---------------+-----------+-------+[[0;32m  OK  [0m] Started Initial cloud-init job (metadata service crawler).
[
[0;32m  OK  [0m] Reached target System Initialization.
[   16.612406] cloud-init[965]: ci-info: | Route | Destination | Gateway  |    Genmask    | Interface | Flags |
[   16.616202]          Starting Socket activation for snappy daemon.
[[0;32m  OK  [0m] Started Daily apt download activities.
cloud-init[965]: ci-info: +-------+-------------+----------+---------------+-----------+-------+
[   16.621896] [cloud-init[0;32m  OK  [0m[965]: ] ci-info: |   0   |   0.0.0.0   | 10.0.2.2 |    0.0.0.0    |   enp0s3  |   UG  |Started ACPI Events Check.

[   16.625012] [cloud-init[0;32m  OK  [0m[965]: ] ci-info: |   1   |   10.0.2.0  | 0.0.0.0  | 255.255.255.0 |   enp0s3  |   U   |Reached target Paths.

[[0;32m  OK  [0m] Listening on UUID daemon activation socket.
[   16.628342] [cloud-init[0;32m  OK  [0m[965]: ] ci-info: +-------+-------------+----------+---------------+-----------+-------+Started Daily apt upgrade and clean activities.

[   16.633277] [cloud-init[0;32m  OK  [0m[965]: ] ci-info: +++++++++++++++++++Route IPv6 info+++++++++++++++++++Listening on ACPID Listen Socket.

[   16.637593]          Starting LXD - unix socket.
[[0;32m  OK  [0m] Listening on D-Bus System Message Bus Socket.
[cloud-init[0;32m  OK  [0m] Started Message of the Day.
[[0;32m  OK  [0m] Started Daily Cleanup of Temporary Directories.
[[0;32m  OK  [0m] Reached target Timers.
[[0;32m  OK  [0m] Reached target Cloud-config availability.
[[0;32m  OK  [0m] Reached target Network is Online.
[965]: ci-info: +-------+-------------+---------+-----------+-------+
[   16.660788]          cloud-initStarting iSCSI initiator daemon (iscsid)...[965]: 
ci-info: | Route | Destination | Gateway | Interface | Flags |
[   16.664951] [[0;32m  OK  [0m] Listening on Socket activation for snappy daemon.
[[0;32m  OK  [0m] Listening on LXD - unix socket.
[cloud-init[0;32m  OK  [0m[965]: ] ci-info: +-------+-------------+---------+-----------+-------+Reached target Sockets.

[[0;32m  OK  [0m] Reached target Basic System.
         Starting LSB: Record successful boot for GRUB...
[   16.674616] cloud-init[965]: ci-info: |   0   |  fe80::/64  |    ::   |   enp0s3  |   U   |
         Starting Pollinate to seed the pseudo random number generator...
[   16.675797] cloud-init         Starting Accounts Service...
[965]: ci-info: |   3   |   ff00::/8  |    ::   |   enp0s3  |   U   |
[   16.688694] [[0;32m  OK  [0m] Started ACPI event daemon.
cloud-init         Starting Virtualbox guest utils...
         Starting System Logging Service...
[[0;32m  OK  [0m] Started Deferred execution scheduler.
         Starting LSB: MD monitoring daemon...
[[0;32m  OK  [0m] Started D-Bus System Message Bus.
[965]: ci-info: +-------+-------------+---------+-----------+-------+
[   16.733320] cloud-init[965]: Generating public/private rsa key pair.
[   16.757832] cloud-init[965]: Your identification has been saved in /etc/ssh/ssh_host_rsa_key.
[   16.773068] cloud-init[965]: Your public key has been saved in /etc/ssh/ssh_host_rsa_key.pub.
[   16.788797] cloud-init[965]: The key fingerprint is:
[   16.791841] cloud-init[965]: SHA256:VWcPdYi/NAQT6xpblIZFKJ8Ly6PTLXAlG8m8m3+bwEY root@ubuntu-xenial
[   16.810768] cloud-init[965]: The key's randomart image is:
[   16.814748] cloud-init[965]: +---[RSA 2048]----+
[[0;32m  OK  [0m] Started Regular background program processing daemon.
[   16.836649] cloud-init[965]: |           oB++oo|
[   16.852960] cloud-init[965]: |        . .+.*oo.|
[   16.856621] cloud-init[965]: |       o +o.=o  .|
         Starting /etc/rc.local Compatibility...
[[0;32m  OK  [0m] Started FUSE filesystem for LXC.
         Starting Login Service...
[   16.869651] cloud-init[965]: |        B.++  +  |
         Starting Snap Daemon...
         Starting LXD - container startup/shutdown...
[[0;32m  OK  [0m] Started System Logging Service.
[   16.940773] cloud-init[965]: |       .SOE.o. o |
[[0;32m  OK  [0m] Started /etc/rc.local Compatibility.
[   16.950496] cloud-init[965]: |      . Bo.=  .  |
[   16.975179] cloud-init[965]: |       = =*      |
[[0;32m  OK  [0m] Started iSCSI initiator daemon (iscsid).[   16.984463] cloud-init
[965]: |      o =.....   |
[   17.004988] cloud-init[965]: |       . o..o.   |         Starting Authenticate and Authorize Users to Run Privileged Tasks...
[   17.020860] cloud-init[965]: +----[SHA256]-----+
[   17.020912] cloud-init[965]: Generating public/private dsa key pair.
[   17.020949] cloud-init[965]: Your identification has been saved in /etc/ssh/ssh_host_dsa_key.
[   17.020985] cloud-init[965]: Your public key has been saved in /etc/ssh/ssh_host_dsa_key.pub.
[   17.021020] cloud-init[965]: The key fingerprint is:
         Starting Login to default iSCSI targets...
[[0;32m  OK  [0m] Started LSB: Record successful boot for GRUB.
[[0;32m  OK  [0m] Started Login Service.

[   17.063169] cloud-init[[0;32m  OK  [0m] Started Unattended Upgrades Shutdown.
[965]: [[0;32m  OK  [0m] Started LSB: MD monitoring daemon.
SHA256:QPtX4qLuuxoEwmOx0TJMx5HVj9pg1MR+59LnNVDGPSw root@ubuntu-xenial
[   17.115657] cloud-init[965]: The key's randomart image is:[[0;32m  OK  [0m] Started Login to default iSCSI targets.
[[0;32m  OK  [0m] Reached target Remote File Systems (Pre).
[[0;32m  OK  [0m] Reached target Remote File Systems.
         Starting LSB: Set the CPU Frequency Scaling governor to "ondemand"...
         Starting LSB: daemon to balance interrupts for SMP systems...
         Starting Permit User Sessions...

[   17.152189] cloud-init[965]: +---[DSA 1024]----+         Starting LSB: automatic crash report generation...
[[0;32m  OK  [0m] Started Permit User Sessions.
         Starting Terminate Plymouth Boot Screen...
         Starting Hold until boot process finishes up...
[[0;32m  OK  [0m] Started Hold until boot process finishes up.
         Starting Set console scheme...
[[0;32m  OK  [0m] Started Serial Getty on ttyS0.
[[0;32m  OK  [0m] Started Getty on tty1.
[[0;32m  OK  [0m] Reached target Login Prompts.
[[0;32m  OK  [0m] Started Terminate Plymouth Boot Screen.
[[0;32m  OK  [0m] Started LSB: Set the CPU Frequency Scaling governor to "ondemand".
[[0;32m  OK  [0m] Started Set console scheme.

[[0;32m  OK  [0m] Started Authenticate and Authorize Users to Run Privileged Tasks.
[[0;32m  OK  [0m] Started Accounts Service.
[   17.232596] cloud-init[965]: |o+oo+.*.      o .|
[   17.247685] cloud-init[965]: |.+=+ o =     E *.|
[   17.261766] cloud-init[965]: |.=+ . + o . . + .|
[   17.297011] cloud-init[965]: |.... o = + + .   |
[   17.307066] [[0;32m  OK  [0m] Started LXD - container startup/shutdown.
[[0;32m  OK  [0m] Started LSB: daemon to balance interrupts for SMP systems.
cloud-init[965]: |    o + S *   .  |
[   17.341282] cloud-init[965]: |   . . o + o . o |
[[0;32m  OK  [0m] Started LSB: automatic crash report generation.
[   17.353136] cloud-init[965]: |    . .   . o . .|
[   17.360266] cloud-init[965]: |     o       .   |
[   17.364688] cloud-init[965]: |    .o=o         |
[   17.369942] cloud-init[965]: +----[SHA256]-----+
[   17.373634] cloud-init[965]: Generating public/private ecdsa key pair.
[   17.383149] cloud-init[[0;32m  OK  [0m] Started Virtualbox guest utils.
[965]: Your identification has been saved in /etc/ssh/ssh_host_ecdsa_key.
[   17.408388] cloud-init[965]: Your public key has been saved in /etc/ssh/ssh_host_ecdsa_key.pub.
[   17.412963] cloud-init[965]: The key fingerprint is:
[   17.415947] cloud-init[965]: SHA256:RJT6pPr7KNG95kV02xmTzYORmE6bw2Hwibri96pQrJo root@ubuntu-xenial
[   17.422775] cloud-init[965]: The key's randomart image is:
[   17.428063] cloud-init[965]: +---[ECDSA 256]---+
[   17.448510] cloud-init[965]: |       .oo. o..  |
[   17.453848] cloud-init[965]: |       .. o*..o+ |
[   17.456346] cloud-init[965]: |       ...*o=.+.o|
[   17.459767] cloud-init[965]: |    . ..o. B o +.|
[   17.461896] cloud-init[965]: |     + *S . o o  |
[   17.463943] cloud-init[965]: |    + o +.       |
[   17.470389] cloud-init[965]: |   o + . ..      |
[   17.472608] cloud-init[965]: |  o = .oo.       |
[   17.475345] cloud-init[965]: | E   =**=.       |
[   17.483263] cloud-init[965]: +----[SHA256]-----+
[   17.498903] cloud-init[965]: Generating public/private ed25519 key pair.
[   17.502131] cloud-init[965]: Your identification has been saved in /etc/ssh/ssh_host_ed25519_key.
[   17.507429] cloud-init[965]: Your public key has been saved in /etc/ssh/ssh_host_ed25519_key.pub.
[   17.515731] cloud-init[965]: The key fingerprint is:
[   17.519415] cloud-init[965]: SHA256:I/SH33eX7lxtNFoWI8lKm82p3+RlSrfkHgqUNvG6GbY root@ubuntu-xenial
[   17.523859] cloud-init[965]: The key's randomart image is:
[   17.526691] cloud-init[965]: +--[ED25519 256]--+
[   17.541299] cloud-init[965]: |                 |
[[0;32m  OK  [0m] Started Pollinate to seed the pseudo random number generator.
[   17.562168] cloud-init[965]: |            . .  |
         Starting OpenBSD Secure Shell server...
[   17.591000] cloud-init[965]: |      .    o + o |
[   17.593853] cloud-init[965]: |     . . .. X o o|
[   17.596638] cloud-init[965]: |      . S .O = +.|
[   17.604931] cloud-init[965]: |       . +o.+ +.+|
[   17.612459] cloud-init[965]: |          .*..o=X|
[   17.613945] cloud-init[965]: |          . BoX**|
[   17.620467] cloud-init[965]: |           E o+X |
[   17.622847] cloud-init[965]: +----[SHA256]-----+
[[0;32m  OK  [0m] Started OpenBSD Secure Shell server.
[[0;32m  OK  [0m] Started Snap Daemon.
         Starting Wait until snapd is fully seeded...
[[0;32m  OK  [0m] Started Wait until snapd is fully seeded.
         Starting Apply the settings specified in cloud-config...
[[0;32m  OK  [0m] Reached target Multi-User System.
[[0;32m  OK  [0m] Reached target Graphical Interface.
         Starting Update UTMP about System Runlevel Changes...
[[0;32m  OK  [0m] Started Update UTMP about System Runlevel Changes.
[[0;32m  OK  [0m] Created slice User Slice of vagrant.
         Starting User Manager for UID 1000...
[[0;32m  OK  [0m] Started Session 1 of user vagrant.
[[0;32m  OK  [0m] Started User Manager for UID 1000.
[   20.097083] cloud-init[1325]: Generating locales (this might take a while)...
[   22.272528] cloud-init[1325]:   en_US.UTF-8... done
[   22.276296] cloud-init[1325]: Generation complete.
[   22.962050] cloud-init[1325]: Cloud-init v. 20.2-45-g5f7825e2-0ubuntu1~16.04.1 running 'modules:config' at Wed, 19 Aug 2020 17:55:53 +0000. Up 19.87 seconds.

Ubuntu 16.04.6 LTS ubuntu-xenial ttyS0

ubuntu-xenial login: ci-info: no authorized SSH keys fingerprints found for user ubuntu.
<14>Aug 19 17:55:57 ec2: 
<14>Aug 19 17:55:57 ec2: #############################################################
<14>Aug 19 17:55:57 ec2: -----BEGIN SSH HOST KEY FINGERPRINTS-----
<14>Aug 19 17:55:57 ec2: 1024 SHA256:QPtX4qLuuxoEwmOx0TJMx5HVj9pg1MR+59LnNVDGPSw root@ubuntu-xenial (DSA)
<14>Aug 19 17:55:57 ec2: 256 SHA256:RJT6pPr7KNG95kV02xmTzYORmE6bw2Hwibri96pQrJo root@ubuntu-xenial (ECDSA)
<14>Aug 19 17:55:57 ec2: 256 SHA256:I/SH33eX7lxtNFoWI8lKm82p3+RlSrfkHgqUNvG6GbY root@ubuntu-xenial (ED25519)
<14>Aug 19 17:55:57 ec2: 2048 SHA256:VWcPdYi/NAQT6xpblIZFKJ8Ly6PTLXAlG8m8m3+bwEY root@ubuntu-xenial (RSA)
<14>Aug 19 17:55:57 ec2: -----END SSH HOST KEY FINGERPRINTS-----
<14>Aug 19 17:55:57 ec2: #############################################################
-----BEGIN SSH HOST KEY KEYS-----
ecdsa-sha2-nistp256 AAAAE2VjZHNhLXNoYTItbmlzdHAyNTYAAAAIbmlzdHAyNTYAAABBBGokVL+LxS+hgQvI7KqbBCqNNkfqSsv4yt1IfX/hT26PClUnvG5GS9MUxXQq9SGYtIeTAPGXS7wPXqodtHinhb4= root@ubuntu-xenial
ssh-ed25519 AAAAC3NzaC1lZDI1NTE5AAAAIAaYmUJE4pgvz3zb6XQI1rdXuvBfZ92vxlwiIi32NFn/ root@ubuntu-xenial
ssh-rsa AAAAB3NzaC1yc2EAAAADAQABAAABAQCfYo1ezeIureIr4fatd1E9p9yHfYbAIsb1tfJDFGmi2WwHPym8WGoZo39Ao1785oFepuvCiHTxw0l2qcVs+OTZg0T63/dHZkrhId5XauXSx7WJWxAFjdfpJp1Y6xkOovQ3E0P3kwIYxAlKUoHuFwK7JvOL6JIPKSz877WcW888DCV7xaN3/f6BJkFy1XSctcPL0TnggyAOXkt+T/PZKDkPdQOmeaEgSvfdIv5OlnlbvJ0AD4ZP0jnG36rluRPerhhE+26Eoxinuh3lH432tIutgPwB8KZdwiyqJULfPlhEitPvCY5UlC3nnqxD4spwaZKd0WYWCusTfxAYWBEkazSJ root@ubuntu-xenial
-----END SSH HOST KEY KEYS-----
[   24.027431] cloud-init[1590]: Cloud-init v. 20.2-45-g5f7825e2-0ubuntu1~16.04.1 running 'modules:final' at Wed, 19 Aug 2020 17:55:56 +0000. Up 23.80 seconds.
[   24.027642] cloud-init[1590]: ci-info: no authorized SSH keys fingerprints found for user ubuntu.
[   24.028693] cloud-init[1590]: Cloud-init v. 20.2-45-g5f7825e2-0ubuntu1~16.04.1 finished at Wed, 19 Aug 2020 17:55:57 +0000. Datasource DataSourceNoCloud [seed=/dev/sdb][dsmode=net].  Up 24.01 seconds
